READS: 7
WRITES: 6
HITS: 5
MISSES: 2
HIT RATE: 0.7
MISS RATE: 0.3

5 1 00000000000000000000000000000101 W
5 0 HIT
12 1 00000000000000000000000000010010 W
25 0 MISS
897 1 00000000000001000000000000000101 W
1921 1 00000000000001000000000000000101 W
12 0 HIT
128 1 00000000000000000000000000011010 W
1921 0 HIT
897 0 MISS
5 0 HIT
129 1 00011100000001000000000000000101 W
128 0 HIT
